ASxxxx Linker V03.00 + NoICE + sdld,  page 1.
Hexadecimal  [32-Bits]

Area                                    Addr        Size        Decimal Bytes (Attributes)
--------------------------------        ----        ----        ------- ----- ------------
CABS                                00000000    00000000 =           0. bytes (ABS,CON,CODE)

      Value  Global                              Global Defined In Module
      -----  --------------------------------   ------------------------
C:   00000000  l_CABS                          
C:   00000000  l_GSINIT1                       
C:   00000000  l_GSINIT5                       
C:   00000000  l_IABS                          
C:   00000000  l_ISEG                          
C:   00000000  l_PSEG                          
C:   00000000  l_REG_BANK_1                    
C:   00000000  l_REG_BANK_2                    
C:   00000000  l_REG_BANK_3                    
C:   00000000  l_RSEG                          
C:   00000000  l_RSEG0                         
C:   00000000  l_RSEG1                         
C:   00000000  l_XABS                          
C:   00000000  l_XINIT                         
C:   00000000  l_XISEG                         
C:   00000000  l_XSEG                          
C:   00000000  l__CODE                         
C:   00000000  s_BSEG                          
C:   00000000  s_CABS                          
C:   00000000  s_DSEG                          
C:   00000000  s_HOME                          
C:   00000000  s_IABS                          
C:   00000000  s_ISEG                          
C:   00000000  s_REG_BANK_0                    
C:   00000000  s_RSEG                          
C:   00000000  s_RSEG0                         
C:   00000000  s_RSEG1                         
C:   00000000  s_XABS                          
C:   00000001  l_BIT_BANK                      
C:   00000001  s_PSEG                          
C:   00000001  s_XISEG                         
C:   00000001  s_XSEG                          
C:   00000003  l_BSEG_BYTES                    
C:   00000003  l_GSFINAL                       
C:   00000003  l_GSINIT0                       
C:   00000005  l_OSEG                          
C:   00000008  l_REG_BANK_0                    
C:   00000008  s_REG_BANK_1                    
C:   0000000A  l_GSINIT2                       
C:   0000000F  s_OSEG                          
C:   00000010  s_REG_BANK_2                    
C:   00000014  l_BSEG                          
C:   00000018  s_REG_BANK_3                    
C:   0000001E  l_GSINIT                        
C:   00000020  s_BSEG_BYTES                    
C:   00000020  s__CODE                         
C:   00000022  l_GSINIT3                       
C:   00000023  s_BIT_BANK                      
C:   0000002A  l_GSINIT4                       
C:   00000031  l_HOME                          
ASxxxx Linker V03.00 + NoICE + sdld,  page 2.
Hexadecimal  [32-Bits]

Area                                    Addr        Size        Decimal Bytes (Attributes)
--------------------------------        ----        ----        ------- ----- ------------
CABS                                00000000    00000000 =           0. bytes (ABS,CON,CODE)

      Value  Global                              Global Defined In Module
      -----  --------------------------------   ------------------------
C:   00000031  s_GSINIT0                       
C:   00000034  s_GSINIT1                       
C:   00000034  s_GSINIT2                       
C:   0000003E  s_GSINIT3                       
C:   0000004E  s_SSEG                          
C:   00000060  s_GSINIT4                       
C:   00000074  l_DSEG                          
C:   0000008A  s_GSINIT                        
C:   0000008A  s_GSINIT5                       
C:   000000A8  s_GSFINAL                       
C:   000000AB  s_CSEG                          
C:   000000B2  l_SSEG                          
C:   00000100  l_IRAM                          
C:   00000665  l_CONST                         
C:   000014F6  l_CSEG                          
C:   000015A1  s_CONST                         
C:   00001C06  s_XINIT                         

ASxxxx Linker V03.00 + NoICE + sdld,  page 3.
Hexadecimal  [32-Bits]

Area                                    Addr        Size        Decimal Bytes (Attributes)
--------------------------------        ----        ----        ------- ----- ------------
.  .ABS.                            00000000    00000000 =           0. bytes (ABS,CON)

      Value  Global                              Global Defined In Module
      -----  --------------------------------   ------------------------
     00000000  .__.ABS.                           _startup
     00000080  G$P0$0$0                           main
     00000080  G$P0_0$0$0                         main
     00000080  _P0                                main
     00000080  _P0_0                              main
     00000081  G$P0_1$0$0                         main
     00000081  G$SP$0$0                           main
     00000081  _P0_1                              main
     00000081  _SP                                main
     00000082  G$DPL$0$0                          main
     00000082  G$P0_2$0$0                         main
     00000082  _DPL                               main
     00000082  _P0_2                              main
     00000083  G$DPH$0$0                          main
     00000083  G$P0_3$0$0                         main
     00000083  _DPH                               main
     00000083  _P0_3                              main
     00000084  G$P0_4$0$0                         main
     00000084  G$SFRPAGE$0$0                      main
     00000084  _P0_4                              main
     00000084  _SFRPAGE                           main
     00000085  G$P0_5$0$0                         main
     00000085  G$SFRNEXT$0$0                      main
     00000085  _P0_5                              main
     00000085  _SFRNEXT                           main
     00000086  G$P0_6$0$0                         main
     00000086  G$SFRLAST$0$0                      main
     00000086  _P0_6                              main
     00000086  _SFRLAST                           main
     00000087  G$P0_7$0$0                         main
     00000087  G$PCON$0$0                         main
     00000087  _P0_7                              main
     00000087  _PCON                              main
     00000088  G$CP0HYN0$0$0                      main
     00000088  G$CP1HYN0$0$0                      main
     00000088  G$CP2HYN0$0$0                      main
     00000088  G$CPT0CN$0$0                       main
     00000088  G$CPT1CN$0$0                       main
     00000088  G$CPT2CN$0$0                       main
     00000088  G$IT0$0$0                          main
     00000088  G$TCON$0$0                         main
     00000088  _CP0HYN0                           main
     00000088  _CP1HYN0                           main
     00000088  _CP2HYN0                           main
     00000088  _CPT0CN                            main
     00000088  _CPT1CN                            main
     00000088  _CPT2CN                            main
     00000088  _IT0                               main
     00000088  _TCON                              main
     00000089  G$CP0HYN1$0$0                      main
ASxxxx Linker V03.00 + NoICE + sdld,  page 4.
Hexadecimal  [32-Bits]

Area                                    Addr        Size        Decimal Bytes (Attributes)
--------------------------------        ----        ----        ------- ----- ------------
.  .ABS.                            00000000    00000000 =           0. bytes (ABS,CON)

      Value  Global                              Global Defined In Module
      -----  --------------------------------   ------------------------
     00000089  G$CP1HYN1$0$0                      main
     00000089  G$CP2HYN1$0$0                      main
     00000089  G$CPT0MD$0$0                       main
     00000089  G$CPT1MD$0$0                       main
     00000089  G$CPT2MD$0$0                       main
     00000089  G$IE0$0$0                          main
     00000089  G$TMOD$0$0                         main
     00000089  _CP0HYN1                           main
     00000089  _CP1HYN1                           main
     00000089  _CP2HYN1                           main
     00000089  _CPT0MD                            main
     00000089  _CPT1MD                            main
     00000089  _CPT2MD                            main
     00000089  _IE0                               main
     00000089  _TMOD                              main
     0000008A  G$CP0HYP0$0$0                      main
     0000008A  G$CP1HYP0$0$0                      main
     0000008A  G$CP2HYP0$0$0                      main
     0000008A  G$IT1$0$0                          main
     0000008A  G$OSCICN$0$0                       main
     0000008A  G$TL0$0$0                          main
     0000008A  _CP0HYP0                           main
     0000008A  _CP1HYP0                           main
     0000008A  _CP2HYP0                           main
     0000008A  _IT1                               main
     0000008A  _OSCICN                            main
     0000008A  _TL0                               main
     0000008B  G$CP0HYP1$0$0                      main
     0000008B  G$CP1HYP1$0$0                      main
     0000008B  G$CP2HYP1$0$0                      main
     0000008B  G$IE1$0$0                          main
     0000008B  G$OSCICL$0$0                       main
     0000008B  G$TL1$0$0                          main
     0000008B  _CP0HYP1                           main
     0000008B  _CP1HYP1                           main
     0000008B  _CP2HYP1                           main
     0000008B  _IE1                               main
     0000008B  _OSCICL                            main
     0000008B  _TL1                               main
     0000008C  G$CP0FIF$0$0                       main
     0000008C  G$CP1FIF$0$0                       main
     0000008C  G$CP2FIF$0$0                       main
     0000008C  G$OSCXCN$0$0                       main
     0000008C  G$TH0$0$0                          main
     0000008C  G$TR0$0$0                          main
     0000008C  _CP0FIF                            main
     0000008C  _CP1FIF                            main
     0000008C  _CP2FIF                            main
     0000008C  _OSCXCN                            main
     0000008C  _TH0                               main
     0000008C  _TR0                               main
ASxxxx Linker V03.00 + NoICE + sdld,  page 5.
Hexadecimal  [32-Bits]

Area                                    Addr        Size        Decimal Bytes (Attributes)
--------------------------------        ----        ----        ------- ----- ------------
.  .ABS.                            00000000    00000000 =           0. bytes (ABS,CON)

      Value  Global                              Global Defined In Module
      -----  --------------------------------   ------------------------
     0000008D  G$CP0RIF$0$0                       main
     0000008D  G$CP1RIF$0$0                       main
     0000008D  G$CP2RIF$0$0                       main
     0000008D  G$TF0$0$0                          main
     0000008D  G$TH1$0$0                          main
     0000008D  _CP0RIF                            main
     0000008D  _CP1RIF                            main
     0000008D  _CP2RIF                            main
     0000008D  _TF0                               main
     0000008D  _TH1                               main
     0000008E  G$CKCON$0$0                        main
     0000008E  G$CP0OUT$0$0                       main
     0000008E  G$CP1OUT$0$0                       main
     0000008E  G$CP2OUT$0$0                       main
     0000008E  G$TR1$0$0                          main
     0000008E  _CKCON                             main
     0000008E  _CP0OUT                            main
     0000008E  _CP1OUT                            main
     0000008E  _CP2OUT                            main
     0000008E  _TR1                               main
     0000008F  G$CP0EN$0$0                        main
     0000008F  G$CP1EN$0$0                        main
     0000008F  G$CP2EN$0$0                        main
     0000008F  G$PSCTL$0$0                        main
     0000008F  G$TF1$0$0                          main
     0000008F  _CP0EN                             main
     0000008F  _CP1EN                             main
     0000008F  _CP2EN                             main
     0000008F  _PSCTL                             main
     0000008F  _TF1                               main
     00000090  G$P1$0$0                           main
     00000090  G$P1_0$0$0                         main
     00000090  _P1                                main
     00000090  _P1_0                              main
     00000091  G$P1_1$0$0                         main
     00000091  G$SSTA0$0$0                        main
     00000091  _P1_1                              main
     00000091  _SSTA0                             main
     00000092  G$P1_2$0$0                         main
     00000092  _P1_2                              main
     00000093  G$P1_3$0$0                         main
     00000093  _P1_3                              main
     00000094  G$P1_4$0$0                         main
     00000094  _P1_4                              main
     00000095  G$P1_5$0$0                         main
     00000095  _P1_5                              main
     00000096  G$P1_6$0$0                         main
     00000096  G$SFRPGCN$0$0                      main
     00000096  _P1_6                              main
     00000096  _SFRPGCN                           main
     00000097  G$CLKSEL$0$0                       main
ASxxxx Linker V03.00 + NoICE + sdld,  page 6.
Hexadecimal  [32-Bits]

Area                                    Addr        Size        Decimal Bytes (Attributes)
--------------------------------        ----        ----        ------- ----- ------------
.  .ABS.                            00000000    00000000 =           0. bytes (ABS,CON)

      Value  Global                              Global Defined In Module
      -----  --------------------------------   ------------------------
     00000097  G$P1_7$0$0                         main
     00000097  _CLKSEL                            main
     00000097  _P1_7                              main
     00000098  G$RI0$0$0                          main
     00000098  G$RI1$0$0                          main
     00000098  G$SCON0$0$0                        main
     00000098  G$SCON1$0$0                        main
     00000098  _RI0                               main
     00000098  _RI1                               main
     00000098  _SCON0                             main
     00000098  _SCON1                             main
     00000099  G$SBUF0$0$0                        main
     00000099  G$SBUF1$0$0                        main
     00000099  G$TI0$0$0                          main
     00000099  G$TI1$0$0                          main
     00000099  _SBUF0                             main
     00000099  _SBUF1                             main
     00000099  _TI0                               main
     00000099  _TI1                               main
     0000009A  G$RB80$0$0                         main
     0000009A  G$RB81$0$0                         main
     0000009A  G$SPI0CFG$0$0                      main
     0000009A  _RB80                              main
     0000009A  _RB81                              main
     0000009A  _SPI0CFG                           main
     0000009B  G$SPI0DAT$0$0                      main
     0000009B  G$TB80$0$0                         main
     0000009B  G$TB81$0$0                         main
     0000009B  _SPI0DAT                           main
     0000009B  _TB80                              main
     0000009B  _TB81                              main
     0000009C  G$P4MDOUT$0$0                      main
     0000009C  G$REN0$0$0                         main
     0000009C  G$REN1$0$0                         main
     0000009C  _P4MDOUT                           main
     0000009C  _REN0                              main
     0000009C  _REN1                              main
     0000009D  G$MCE1$0$0                         main
     0000009D  G$P5MDOUT$0$0                      main
     0000009D  G$SM20$0$0                         main
     0000009D  G$SPI0CKR$0$0                      main
     0000009D  _MCE1                              main
     0000009D  _P5MDOUT                           main
     0000009D  _SM20                              main
     0000009D  _SPI0CKR                           main
     0000009E  G$P6MDOUT$0$0                      main
     0000009E  G$SM10$0$0                         main
     0000009E  _P6MDOUT                           main
     0000009E  _SM10                              main
     0000009F  G$P7MDOUT$0$0                      main
     0000009F  G$S1MODE$0$0                       main
ASxxxx Linker V03.00 + NoICE + sdld,  page 7.
Hexadecimal  [32-Bits]

Area                                    Addr        Size        Decimal Bytes (Attributes)
--------------------------------        ----        ----        ------- ----- ------------
.  .ABS.                            00000000    00000000 =           0. bytes (ABS,CON)

      Value  Global                              Global Defined In Module
      -----  --------------------------------   ------------------------
     0000009F  G$SM00$0$0                         main
     0000009F  _P7MDOUT                           main
     0000009F  _S1MODE                            main
     0000009F  _SM00                              main
     000000A0  G$P2$0$0                           main
     000000A0  G$P2_0$0$0                         main
     000000A0  _P2                                main
     000000A0  _P2_0                              main
     000000A1  G$EMI0TC$0$0                       main
     000000A1  G$P2_1$0$0                         main
     000000A1  _EMI0TC                            main
     000000A1  _P2_1                              main
     000000A2  G$EMI0CN$0$0                       main
     000000A2  G$P2_2$0$0                         main
     000000A2  G$_XPAGE$0$0                       main
     000000A2  _EMI0CN                            main
     000000A2  _P2_2                              main
     000000A2  __XPAGE                            main
     000000A3  G$EMI0CF$0$0                       main
     000000A3  G$P2_3$0$0                         main
     000000A3  _EMI0CF                            main
     000000A3  _P2_3                              main
     000000A4  G$P0MDOUT$0$0                      main
     000000A4  G$P2_4$0$0                         main
     000000A4  _P0MDOUT                           main
     000000A4  _P2_4                              main
     000000A5  G$P1MDOUT$0$0                      main
     000000A5  G$P2_5$0$0                         main
     000000A5  _P1MDOUT                           main
     000000A5  _P2_5                              main
     000000A6  G$P2MDOUT$0$0                      main
     000000A6  G$P2_6$0$0                         main
     000000A6  _P2MDOUT                           main
     000000A6  _P2_6                              main
     000000A7  G$P2_7$0$0                         main
     000000A7  G$P3MDOUT$0$0                      main
     000000A7  _P2_7                              main
     000000A7  _P3MDOUT                           main
     000000A8  G$EX0$0$0                          main
     000000A8  G$IE$0$0                           main
     000000A8  _EX0                               main
     000000A8  _IE                                main
     000000A9  G$ET0$0$0                          main
     000000A9  G$SADDR0$0$0                       main
     000000A9  G$SADDR1$0$0                       main
     000000A9  _ET0                               main
     000000A9  _SADDR0                            main
     000000A9  _SADDR1                            main
     000000AA  G$EX1$0$0                          main
     000000AA  _EX1                               main
     000000AB  G$ET1$0$0                          main
ASxxxx Linker V03.00 + NoICE + sdld,  page 8.
Hexadecimal  [32-Bits]

Area                                    Addr        Size        Decimal Bytes (Attributes)
--------------------------------        ----        ----        ------- ----- ------------
.  .ABS.                            00000000    00000000 =           0. bytes (ABS,CON)

      Value  Global                              Global Defined In Module
      -----  --------------------------------   ------------------------
     000000AB  _ET1                               main
     000000AC  G$ES0$0$0                          main
     000000AC  _ES0                               main
     000000AD  G$ET2$0$0                          main
     000000AD  G$P1MDIN$0$0                       main
     000000AD  _ET2                               main
     000000AD  _P1MDIN                            main
     000000AE  G$P2MDIN$0$0                       main
     000000AE  _P2MDIN                            main
     000000AF  G$EA$0$0                           main
     000000AF  G$P3MDIN$0$0                       main
     000000AF  _EA                                main
     000000AF  _P3MDIN                            main
     000000B0  G$P3$0$0                           main
     000000B0  G$P3_0$0$0                         main
     000000B0  _P3                                main
     000000B0  _P3_0                              main
     000000B1  G$P3_1$0$0                         main
     000000B1  _P3_1                              main
     000000B2  G$P3_2$0$0                         main
     000000B2  _P3_2                              main
     000000B3  G$P3_3$0$0                         main
     000000B3  _P3_3                              main
     000000B4  G$P3_4$0$0                         main
     000000B4  _P3_4                              main
     000000B5  G$P3_5$0$0                         main
     000000B5  _P3_5                              main
     000000B6  G$P3_6$0$0                         main
     000000B6  _P3_6                              main
     000000B7  G$FLACL$0$0                        main
     000000B7  G$FLSCL$0$0                        main
     000000B7  G$P3_7$0$0                         main
     000000B7  _FLACL                             main
     000000B7  _FLSCL                             main
     000000B7  _P3_7                              main
     000000B8  G$IP$0$0                           main
     000000B8  G$PX0$0$0                          main
     000000B8  _IP                                main
     000000B8  _PX0                               main
     000000B9  G$PT0$0$0                          main
     000000B9  G$SADEN0$0$0                       main
     000000B9  _PT0                               main
     000000B9  _SADEN0                            main
     000000BA  G$AMX0CF$0$0                       main
     000000BA  G$AMX2CF$0$0                       main
     000000BA  G$PX1$0$0                          main
     000000BA  _AMX0CF                            main
     000000BA  _AMX2CF                            main
     000000BA  _PX1                               main
     000000BB  G$AMX0SL$0$0                       main
     000000BB  G$AMX2SL$0$0                       main
ASxxxx Linker V03.00 + NoICE + sdld,  page 9.
Hexadecimal  [32-Bits]

Area                                    Addr        Size        Decimal Bytes (Attributes)
--------------------------------        ----        ----        ------- ----- ------------
.  .ABS.                            00000000    00000000 =           0. bytes (ABS,CON)

      Value  Global                              Global Defined In Module
      -----  --------------------------------   ------------------------
     000000BB  G$PT1$0$0                          main
     000000BB  _AMX0SL                            main
     000000BB  _AMX2SL                            main
     000000BB  _PT1                               main
     000000BC  G$ADC0CF$0$0                       main
     000000BC  G$ADC2CF$0$0                       main
     000000BC  G$PS0$0$0                          main
     000000BC  _ADC0CF                            main
     000000BC  _ADC2CF                            main
     000000BC  _PS0                               main
     000000BD  G$AMX0PRT$0$0                      main
     000000BD  G$PT2$0$0                          main
     000000BD  _AMX0PRT                           main
     000000BD  _PT2                               main
     000000BE  G$ADC0L$0$0                        main
     000000BE  G$ADC2$0$0                         main
     000000BE  _ADC0L                             main
     000000BE  _ADC2                              main
     000000BF  G$ADC0H$0$0                        main
     000000BF  _ADC0H                             main
     000000C0  G$CAN0STA$0$0                      main
     000000C0  G$LEC0$0$0                         main
     000000C0  G$SMB0CN$0$0                       main
     000000C0  G$SMBTOE$0$0                       main
     000000C0  _CAN0STA                           main
     000000C0  _LEC0                              main
     000000C0  _SMB0CN                            main
     000000C0  _SMBTOE                            main
     000000C1  G$LEC1$0$0                         main
     000000C1  G$SMB0STA$0$0                      main
     000000C1  G$SMBFTE$0$0                       main
     000000C1  _LEC1                              main
     000000C1  _SMB0STA                           main
     000000C1  _SMBFTE                            main
     000000C2  G$AA$0$0                           main
     000000C2  G$LEC2$0$0                         main
     000000C2  G$SMB0DAT$0$0                      main
     000000C2  _AA                                main
     000000C2  _LEC2                              main
     000000C2  _SMB0DAT                           main
     000000C3  G$SI$0$0                           main
     000000C3  G$SMB0ADR$0$0                      main
     000000C3  G$TXOK$0$0                         main
     000000C3  _SI                                main
     000000C3  _SMB0ADR                           main
     000000C3  _TXOK                              main
     000000C4  G$ADC0GTL$0$0                      main
     000000C4  G$ADC2GT$0$0                       main
     000000C4  G$RXOK$0$0                         main
     000000C4  G$STO$0$0                          main
     000000C4  _ADC0GTL                           main
ASxxxx Linker V03.00 + NoICE + sdld,  page 10.
Hexadecimal  [32-Bits]

Area                                    Addr        Size        Decimal Bytes (Attributes)
--------------------------------        ----        ----        ------- ----- ------------
.  .ABS.                            00000000    00000000 =           0. bytes (ABS,CON)

      Value  Global                              Global Defined In Module
      -----  --------------------------------   ------------------------
     000000C4  _ADC2GT                            main
     000000C4  _RXOK                              main
     000000C4  _STO                               main
     000000C5  G$ADC0GTH$0$0                      main
     000000C5  G$EPASS$0$0                        main
     000000C5  G$STA$0$0                          main
     000000C5  _ADC0GTH                           main
     000000C5  _EPASS                             main
     000000C5  _STA                               main
     000000C6  G$ADC0LTL$0$0                      main
     000000C6  G$ADC2LT$0$0                       main
     000000C6  G$ENSMB$0$0                        main
     000000C6  G$EWARN$0$0                        main
     000000C6  _ADC0LTL                           main
     000000C6  _ADC2LT                            main
     000000C6  _ENSMB                             main
     000000C6  _EWARN                             main
     000000C7  G$ADC0LTH$0$0                      main
     000000C7  G$BOFF$0$0                         main
     000000C7  G$BUSY$0$0                         main
     000000C7  _ADC0LTH                           main
     000000C7  _BOFF                              main
     000000C7  _BUSY                              main
     000000C8  G$CPRL2$0$0                        main
     000000C8  G$CPRL3$0$0                        main
     000000C8  G$CPRL4$0$0                        main
     000000C8  G$P4$0$0                           main
     000000C8  G$P4_0$0$0                         main
     000000C8  G$TMR2CN$0$0                       main
     000000C8  G$TMR3CN$0$0                       main
     000000C8  G$TMR4CN$0$0                       main
     000000C8  _CPRL2                             main
     000000C8  _CPRL3                             main
     000000C8  _CPRL4                             main
     000000C8  _P4                                main
     000000C8  _P4_0                              main
     000000C8  _TMR2CN                            main
     000000C8  _TMR3CN                            main
     000000C8  _TMR4CN                            main
     000000C9  G$CT2$0$0                          main
     000000C9  G$CT3$0$0                          main
     000000C9  G$CT4$0$0                          main
     000000C9  G$P4_1$0$0                         main
     000000C9  G$TMR2CF$0$0                       main
     000000C9  G$TMR3CF$0$0                       main
     000000C9  G$TMR4CF$0$0                       main
     000000C9  _CT2                               main
     000000C9  _CT3                               main
     000000C9  _CT4                               main
     000000C9  _P4_1                              main
     000000C9  _TMR2CF                            main
ASxxxx Linker V03.00 + NoICE + sdld,  page 11.
Hexadecimal  [32-Bits]

Area                                    Addr        Size        Decimal Bytes (Attributes)
--------------------------------        ----        ----        ------- ----- ------------
.  .ABS.                            00000000    00000000 =           0. bytes (ABS,CON)

      Value  Global                              Global Defined In Module
      -----  --------------------------------   ------------------------
     000000C9  _TMR3CF                            main
     000000C9  _TMR4CF                            main
     000000CA  G$P4_2$0$0                         main
     000000CA  G$RCAP2L$0$0                       main
     000000CA  G$RCAP3L$0$0                       main
     000000CA  G$RCAP4L$0$0                       main
     000000CA  G$TR2$0$0                          main
     000000CA  G$TR3$0$0                          main
     000000CA  G$TR4$0$0                          main
     000000CA  _P4_2                              main
     000000CA  _RCAP2L                            main
     000000CA  _RCAP3L                            main
     000000CA  _RCAP4L                            main
     000000CA  _TR2                               main
     000000CA  _TR3                               main
     000000CA  _TR4                               main
     000000CB  G$EXEN2$0$0                        main
     000000CB  G$EXEN3$0$0                        main
     000000CB  G$EXEN4$0$0                        main
     000000CB  G$P4_3$0$0                         main
     000000CB  G$RCAP2H$0$0                       main
     000000CB  G$RCAP3H$0$0                       main
     000000CB  G$RCAP4H$0$0                       main
     000000CB  _EXEN2                             main
     000000CB  _EXEN3                             main
     000000CB  _EXEN4                             main
     000000CB  _P4_3                              main
     000000CB  _RCAP2H                            main
     000000CB  _RCAP3H                            main
     000000CB  _RCAP4H                            main
     000000CC  G$P4_4$0$0                         main
     000000CC  G$TMR2L$0$0                        main
     000000CC  G$TMR3L$0$0                        main
     000000CC  G$TMR4L$0$0                        main
     000000CC  _P4_4                              main
     000000CC  _TMR2L                             main
     000000CC  _TMR3L                             main
     000000CC  _TMR4L                             main
     000000CD  G$P4_5$0$0                         main
     000000CD  G$TMR2H$0$0                        main
     000000CD  G$TMR3H$0$0                        main
     000000CD  G$TMR4H$0$0                        main
     000000CD  _P4_5                              main
     000000CD  _TMR2H                             main
     000000CD  _TMR3H                             main
     000000CD  _TMR4H                             main
     000000CE  G$EXF2$0$0                         main
     000000CE  G$EXF3$0$0                         main
     000000CE  G$EXF4$0$0                         main
     000000CE  G$P4_6$0$0                         main
     000000CE  _EXF2                              main
ASxxxx Linker V03.00 + NoICE + sdld,  page 12.
Hexadecimal  [32-Bits]

Area                                    Addr        Size        Decimal Bytes (Attributes)
--------------------------------        ----        ----        ------- ----- ------------
.  .ABS.                            00000000    00000000 =           0. bytes (ABS,CON)

      Value  Global                              Global Defined In Module
      -----  --------------------------------   ------------------------
     000000CE  _EXF3                              main
     000000CE  _EXF4                              main
     000000CE  _P4_6                              main
     000000CF  G$P4_7$0$0                         main
     000000CF  G$SMB0CR$0$0                       main
     000000CF  G$TF2$0$0                          main
     000000CF  G$TF3$0$0                          main
     000000CF  G$TF4$0$0                          main
     000000CF  _P4_7                              main
     000000CF  _SMB0CR                            main
     000000CF  _TF2                               main
     000000CF  _TF3                               main
     000000CF  _TF4                               main
     000000D0  G$P$0$0                            main
     000000D0  G$PSW$0$0                          main
     000000D0  _P                                 main
     000000D0  _PSW                               main
     000000D1  G$F1$0$0                           main
     000000D1  G$REF0CN$0$0                       main
     000000D1  _F1                                main
     000000D1  _REF0CN                            main
     000000D2  G$DAC0L$0$0                        main
     000000D2  G$DAC1L$0$0                        main
     000000D2  G$OV$0$0                           main
     000000D2  _DAC0L                             main
     000000D2  _DAC1L                             main
     000000D2  _OV                                main
     000000D3  G$DAC0H$0$0                        main
     000000D3  G$DAC1H$0$0                        main
     000000D3  G$RS0$0$0                          main
     000000D3  _DAC0H                             main
     000000D3  _DAC1H                             main
     000000D3  _RS0                               main
     000000D4  G$DAC0CN$0$0                       main
     000000D4  G$DAC1CN$0$0                       main
     000000D4  G$RS1$0$0                          main
     000000D4  _DAC0CN                            main
     000000D4  _DAC1CN                            main
     000000D4  _RS1                               main
     000000D5  G$F0$0$0                           main
     000000D5  _F0                                main
     000000D6  G$AC$0$0                           main
     000000D6  G$HVA0CN$0$0                       main
     000000D6  _AC                                main
     000000D6  _HVA0CN                            main
     000000D7  G$CY$0$0                           main
     000000D7  _CY                                main
     000000D8  G$CAN0DATL$0$0                     main
     000000D8  G$CCF0$0$0                         main
     000000D8  G$P5$0$0                           main
     000000D8  G$P5_0$0$0                         main
ASxxxx Linker V03.00 + NoICE + sdld,  page 13.
Hexadecimal  [32-Bits]

Area                                    Addr        Size        Decimal Bytes (Attributes)
--------------------------------        ----        ----        ------- ----- ------------
.  .ABS.                            00000000    00000000 =           0. bytes (ABS,CON)

      Value  Global                              Global Defined In Module
      -----  --------------------------------   ------------------------
     000000D8  G$PCA0CN$0$0                       main
     000000D8  _CAN0DATL                          main
     000000D8  _CCF0                              main
     000000D8  _P5                                main
     000000D8  _P5_0                              main
     000000D8  _PCA0CN                            main
     000000D9  G$CAN0DATH$0$0                     main
     000000D9  G$CCF1$0$0                         main
     000000D9  G$P5_1$0$0                         main
     000000D9  G$PCA0MD$0$0                       main
     000000D9  _CAN0DATH                          main
     000000D9  _CCF1                              main
     000000D9  _P5_1                              main
     000000D9  _PCA0MD                            main
     000000DA  G$CAN0ADR$0$0                      main
     000000DA  G$CCF2$0$0                         main
     000000DA  G$P5_2$0$0                         main
     000000DA  G$PCA0CPM0$0$0                     main
     000000DA  _CAN0ADR                           main
     000000DA  _CCF2                              main
     000000DA  _P5_2                              main
     000000DA  _PCA0CPM0                          main
     000000DB  G$CAN0TST$0$0                      main
     000000DB  G$CCF3$0$0                         main
     000000DB  G$P5_3$0$0                         main
     000000DB  G$PCA0CPM1$0$0                     main
     000000DB  _CAN0TST                           main
     000000DB  _CCF3                              main
     000000DB  _P5_3                              main
     000000DB  _PCA0CPM1                          main
     000000DC  G$CCF4$0$0                         main
     000000DC  G$P5_4$0$0                         main
     000000DC  G$PCA0CPM2$0$0                     main
     000000DC  _CCF4                              main
     000000DC  _P5_4                              main
     000000DC  _PCA0CPM2                          main
     000000DD  G$CCF5$0$0                         main
     000000DD  G$P5_5$0$0                         main
     000000DD  G$PCA0CPM3$0$0                     main
     000000DD  _CCF5                              main
     000000DD  _P5_5                              main
     000000DD  _PCA0CPM3                          main
     000000DE  G$CR$0$0                           main
     000000DE  G$P5_6$0$0                         main
     000000DE  G$PCA0CPM4$0$0                     main
     000000DE  _CR                                main
     000000DE  _P5_6                              main
     000000DE  _PCA0CPM4                          main
     000000DF  G$CF$0$0                           main
     000000DF  G$P5_7$0$0                         main
     000000DF  G$PCA0CPM5$0$0                     main
ASxxxx Linker V03.00 + NoICE + sdld,  page 14.
Hexadecimal  [32-Bits]

Area                                    Addr        Size        Decimal Bytes (Attributes)
--------------------------------        ----        ----        ------- ----- ------------
.  .ABS.                            00000000    00000000 =           0. bytes (ABS,CON)

      Value  Global                              Global Defined In Module
      -----  --------------------------------   ------------------------
     000000DF  _CF                                main
     000000DF  _P5_7                              main
     000000DF  _PCA0CPM5                          main
     000000E0  G$ACC$0$0                          main
     000000E0  _ACC                               main
     000000E1  G$PCA0CPL5$0$0                     main
     000000E1  G$XBR0$0$0                         main
     000000E1  _PCA0CPL5                          main
     000000E1  _XBR0                              main
     000000E2  G$PCA0CPH5$0$0                     main
     000000E2  G$XBR1$0$0                         main
     000000E2  _PCA0CPH5                          main
     000000E2  _XBR1                              main
     000000E3  G$XBR2$0$0                         main
     000000E3  _XBR2                              main
     000000E4  G$XBR3$0$0                         main
     000000E4  _XBR3                              main
     000000E6  G$EIE1$0$0                         main
     000000E6  _EIE1                              main
     000000E7  G$EIE2$0$0                         main
     000000E7  _EIE2                              main
     000000E8  G$AD0LJST$0$0                      main
     000000E8  G$AD2WINT$0$0                      main
     000000E8  G$ADC0CN$0$0                       main
     000000E8  G$ADC2CN$0$0                       main
     000000E8  G$P6$0$0                           main
     000000E8  G$P6_0$0$0                         main
     000000E8  _AD0LJST                           main
     000000E8  _AD2WINT                           main
     000000E8  _ADC0CN                            main
     000000E8  _ADC2CN                            main
     000000E8  _P6                                main
     000000E8  _P6_0                              main
     000000E9  G$AD0WINT$0$0                      main
     000000E9  G$AD2CM0$0$0                       main
     000000E9  G$P6_1$0$0                         main
     000000E9  G$PCA0CPL2$0$0                     main
     000000E9  _AD0WINT                           main
     000000E9  _AD2CM0                            main
     000000E9  _P6_1                              main
     000000E9  _PCA0CPL2                          main
     000000EA  G$AD0CM0$0$0                       main
     000000EA  G$AD2CM1$0$0                       main
     000000EA  G$P6_2$0$0                         main
     000000EA  G$PCA0CPH2$0$0                     main
     000000EA  _AD0CM0                            main
     000000EA  _AD2CM1                            main
     000000EA  _P6_2                              main
     000000EA  _PCA0CPH2                          main
     000000EB  G$AD0CM1$0$0                       main
     000000EB  G$AD2CM2$0$0                       main
ASxxxx Linker V03.00 + NoICE + sdld,  page 15.
Hexadecimal  [32-Bits]

Area                                    Addr        Size        Decimal Bytes (Attributes)
--------------------------------        ----        ----        ------- ----- ------------
.  .ABS.                            00000000    00000000 =           0. bytes (ABS,CON)

      Value  Global                              Global Defined In Module
      -----  --------------------------------   ------------------------
     000000EB  G$P6_3$0$0                         main
     000000EB  G$PCA0CPL3$0$0                     main
     000000EB  _AD0CM1                            main
     000000EB  _AD2CM2                            main
     000000EB  _P6_3                              main
     000000EB  _PCA0CPL3                          main
     000000EC  G$AD0BUSY$0$0                      main
     000000EC  G$AD2BUSY$0$0                      main
     000000EC  G$P6_4$0$0                         main
     000000EC  G$PCA0CPH3$0$0                     main
     000000EC  _AD0BUSY                           main
     000000EC  _AD2BUSY                           main
     000000EC  _P6_4                              main
     000000EC  _PCA0CPH3                          main
     000000ED  G$AD0INT$0$0                       main
     000000ED  G$AD2INT$0$0                       main
     000000ED  G$P6_5$0$0                         main
     000000ED  G$PCA0CPL4$0$0                     main
     000000ED  _AD0INT                            main
     000000ED  _AD2INT                            main
     000000ED  _P6_5                              main
     000000ED  _PCA0CPL4                          main
     000000EE  G$AD0TM$0$0                        main
     000000EE  G$AD2TM$0$0                        main
     000000EE  G$P6_6$0$0                         main
     000000EE  G$PCA0CPH4$0$0                     main
     000000EE  _AD0TM                             main
     000000EE  _AD2TM                             main
     000000EE  _P6_6                              main
     000000EE  _PCA0CPH4                          main
     000000EF  G$AD0EN$0$0                        main
     000000EF  G$AD2EN$0$0                        main
     000000EF  G$P6_7$0$0                         main
     000000EF  G$RSTSRC$0$0                       main
     000000EF  _AD0EN                             main
     000000EF  _AD2EN                             main
     000000EF  _P6_7                              main
     000000EF  _RSTSRC                            main
     000000F0  G$B$0$0                            main
     000000F0  _B                                 main
     000000F5  _B_5                               _gptrget
     000000F6  G$EIP1$0$0                         main
     000000F6  _B_6                               _gptrget
     000000F6  _EIP1                              main
     000000F7  G$EIP2$0$0                         main
     000000F7  _B_7                               _gptrget
     000000F7  _EIP2                              main
     000000F8  G$CAN0CN$0$0                       main
     000000F8  G$CANINIT$0$0                      main
     000000F8  G$P7$0$0                           main
     000000F8  G$P7_0$0$0                         main
ASxxxx Linker V03.00 + NoICE + sdld,  page 16.
Hexadecimal  [32-Bits]

Area                                    Addr        Size        Decimal Bytes (Attributes)
--------------------------------        ----        ----        ------- ----- ------------
.  .ABS.                            00000000    00000000 =           0. bytes (ABS,CON)

      Value  Global                              Global Defined In Module
      -----  --------------------------------   ------------------------
     000000F8  G$SPI0CN$0$0                       main
     000000F8  G$SPIEN$0$0                        main
     000000F8  _CAN0CN                            main
     000000F8  _CANINIT                           main
     000000F8  _P7                                main
     000000F8  _P7_0                              main
     000000F8  _SPI0CN                            main
     000000F8  _SPIEN                             main
     000000F9  G$CANIE$0$0                        main
     000000F9  G$P7_1$0$0                         main
     000000F9  G$PCA0L$0$0                        main
     000000F9  G$TXBMT$0$0                        main
     000000F9  _CANIE                             main
     000000F9  _P7_1                              main
     000000F9  _PCA0L                             main
     000000F9  _TXBMT                             main
     000000FA  G$CANSIE$0$0                       main
     000000FA  G$NSSMD0$0$0                       main
     000000FA  G$P7_2$0$0                         main
     000000FA  G$PCA0H$0$0                        main
     000000FA  _CANSIE                            main
     000000FA  _NSSMD0                            main
     000000FA  _P7_2                              main
     000000FA  _PCA0H                             main
     000000FB  G$CANEIE$0$0                       main
     000000FB  G$NSSMD1$0$0                       main
     000000FB  G$P7_3$0$0                         main
     000000FB  G$PCA0CPL0$0$0                     main
     000000FB  _CANEIE                            main
     000000FB  _NSSMD1                            main
     000000FB  _P7_3                              main
     000000FB  _PCA0CPL0                          main
     000000FC  G$CANIF$0$0                        main
     000000FC  G$P7_4$0$0                         main
     000000FC  G$PCA0CPH0$0$0                     main
     000000FC  G$RXOVRN$0$0                       main
     000000FC  _CANIF                             main
     000000FC  _P7_4                              main
     000000FC  _PCA0CPH0                          main
     000000FC  _RXOVRN                            main
     000000FD  G$CANDAR$0$0                       main
     000000FD  G$MODF$0$0                         main
     000000FD  G$P7_5$0$0                         main
     000000FD  G$PCA0CPL1$0$0                     main
     000000FD  _CANDAR                            main
     000000FD  _MODF                              main
     000000FD  _P7_5                              main
     000000FD  _PCA0CPL1                          main
     000000FE  G$CANCCE$0$0                       main
     000000FE  G$P7_6$0$0                         main
     000000FE  G$PCA0CPH1$0$0                     main
ASxxxx Linker V03.00 + NoICE + sdld,  page 17.
Hexadecimal  [32-Bits]

Area                                    Addr        Size        Decimal Bytes (Attributes)
--------------------------------        ----        ----        ------- ----- ------------
.  .ABS.                            00000000    00000000 =           0. bytes (ABS,CON)

      Value  Global                              Global Defined In Module
      -----  --------------------------------   ------------------------
     000000FE  G$WCOL$0$0                         main
     000000FE  _CANCCE                            main
     000000FE  _P7_6                              main
     000000FE  _PCA0CPH1                          main
     000000FE  _WCOL                              main
     000000FF  G$CANTEST$0$0                      main
     000000FF  G$P7_7$0$0                         main
     000000FF  G$SPIF$0$0                         main
     000000FF  G$WDTCN$0$0                        main
     000000FF  _CANTEST                           main
     000000FF  _P7_7                              main
     000000FF  _SPIF                              main
     000000FF  _WDTCN                             main
     00008382  G$DP$0$0                           main
     00008382  _DP                                main
     0000BFBE  G$ADC0$0$0                         main
     0000BFBE  _ADC0                              main
     0000C5C4  G$ADC0GT$0$0                       main
     0000C5C4  _ADC0GT                            main
     0000C7C6  G$ADC0LT$0$0                       main
     0000C7C6  _ADC0LT                            main
     0000CBCA  G$RCAP2$0$0                        main
     0000CBCA  G$RCAP3$0$0                        main
     0000CBCA  G$RCAP4$0$0                        main
     0000CBCA  _RCAP2                             main
     0000CBCA  _RCAP3                             main
     0000CBCA  _RCAP4                             main
     0000CDCC  G$TMR2$0$0                         main
     0000CDCC  G$TMR3$0$0                         main
     0000CDCC  G$TMR4$0$0                         main
     0000CDCC  _TMR2                              main
     0000CDCC  _TMR3                              main
     0000CDCC  _TMR4                              main
     0000D3D2  G$DAC0$0$0                         main
     0000D3D2  G$DAC1$0$0                         main
     0000D3D2  _DAC0                              main
     0000D3D2  _DAC1                              main
     0000D9D8  G$CAN0DAT$0$0                      main
     0000D9D8  _CAN0DAT                           main
     0000E2E1  G$PCA0CP5$0$0                      main
     0000E2E1  _PCA0CP5                           main
     0000EAE9  G$PCA0CP2$0$0                      main
     0000EAE9  _PCA0CP2                           main
     0000ECEB  G$PCA0CP3$0$0                      main
     0000ECEB  _PCA0CP3                           main
     0000EEED  G$PCA0CP4$0$0                      main
     0000EEED  _PCA0CP4                           main
     0000FAF9  G$PCA0$0$0                         main
     0000FAF9  _PCA0                              main
     0000FCFB  G$PCA0CP0$0$0                      main
     0000FCFB  _PCA0CP0                           main
ASxxxx Linker V03.00 + NoICE + sdld,  page 18.
Hexadecimal  [32-Bits]

Area                                    Addr        Size        Decimal Bytes (Attributes)
--------------------------------        ----        ----        ------- ----- ------------
.  .ABS.                            00000000    00000000 =           0. bytes (ABS,CON)

      Value  Global                              Global Defined In Module
      -----  --------------------------------   ------------------------
     0000FEFD  G$PCA0CP1$0$0                      main
     0000FEFD  _PCA0CP1                           main

ASxxxx Linker V03.00 + NoICE + sdld,  page 19.
Hexadecimal  [32-Bits]

Area                                    Addr        Size        Decimal Bytes (Attributes)
--------------------------------        ----        ----        ------- ----- ------------
BSEG_BYTES                          00000020    00000003 =           3. bytes (REL,CON)

      Value  Global                              Global Defined In Module
      -----  --------------------------------   ------------------------
ASxxxx Linker V03.00 + NoICE + sdld,  page 20.
Hexadecimal  [32-Bits]

Area                                    Addr        Size        Decimal Bytes (Attributes)
--------------------------------        ----        ----        ------- ----- ------------
REG_BANK_0                          00000000    00000008 =           8. bytes (REL,OVR)

      Value  Global                              Global Defined In Module
      -----  --------------------------------   ------------------------
ASxxxx Linker V03.00 + NoICE + sdld,  page 21.
Hexadecimal  [32-Bits]

Area                                    Addr        Size        Decimal Bytes (Attributes)
--------------------------------        ----        ----        ------- ----- ------------
BIT_BANK                            00000023    00000001 =           1. bytes (REL,OVR)

      Value  Global                              Global Defined In Module
      -----  --------------------------------   ------------------------
ASxxxx Linker V03.00 + NoICE + sdld,  page 22.
Hexadecimal  [32-Bits]

Area                                    Addr        Size        Decimal Bytes (Attributes)
--------------------------------        ----        ----        ------- ----- ------------
DSEG                                00000000    00000074 =         116. bytes (REL,CON)

      Value  Global                              Global Defined In Module
      -----  --------------------------------   ------------------------
     0000000E  _bp                                _bp
     00000024  G$conta_caractere$0$0              main
     00000024  _conta_caractere                   main
     00000025  G$saida$0$0                        main
     00000025  _saida                             main
     0000002B  Lmain.le_voltagem$ganho$1$76       main
     0000002B  _le_voltagem_PARM_2                main
     0000002C  G$end_fim_ram$0$0                  main
     0000002C  _end_fim_ram                       main
     0000002E  G$relogio$0$0                      main
     0000002E  _relogio                           main
     00000035  Lmain.print_relogio_terminal$slo   main
     00000037  Lmain.print_relogio_terminal$slo   main
     00000039  Lmain.print_relogio_terminal$slo   main
     0000003B  Lmain.print_relogio_glcd$sloc0$1   main
     0000003D  Lmain.print_relogio_glcd$sloc1$1   main
     0000003F  Lmain.print_relogio_glcd$sloc2$1   main
     00000041  Lmain.demonstra_amostras$i$1$102   main
     00000043  Lmain.demonstra_amostras$sloc0$1   main
     00000045  Lmain.demonstra_amostras$sloc1$1   main
     00000047  G$tecla$0$0                        main
     00000047  _tecla                             main
     00000048  Lmain.ligar_buzzer$meio_periodo$   main
     00000048  _ligar_buzzer_PARM_2               main
     0000004A  Lmain.imprime_terminal_tempo_rea   main
     0000004C  Lmain.imprime_terminal_tempo_rea   main

ASxxxx Linker V03.00 + NoICE + sdld,  page 23.
Hexadecimal  [32-Bits]

Area                                    Addr        Size        Decimal Bytes (Attributes)
--------------------------------        ----        ----        ------- ----- ------------
OSEG                                0000000F    00000005 =           5. bytes (REL,OVR)

      Value  Global                              Global Defined In Module
      -----  --------------------------------   ------------------------
     0000000F  Lmain.esc_RAM_SPI$dado$1$80        main
     0000000F  Lmain.ini_relogio$mes$1$94         main
     0000000F  Lmain.le_adc0$ganho$1$74           main
     0000000F  _esc_RAM_SPI_PARM_2                main
     0000000F  _ini_relogio_PARM_2                main
     0000000F  _le_adc0_PARM_2                    main
     00000010  Lmain.ini_relogio$ano$1$94         main
     00000010  Lmain.le_adc0$indice_high$1$74     main
     00000010  _ini_relogio_PARM_3                main
     00000010  _le_adc0_PARM_3                    main
     00000011  Lmain.ini_relogio$hora$1$94        main
     00000011  Lmain.le_adc0$indice_low$1$74      main
     00000011  _ini_relogio_PARM_4                main
     00000011  _le_adc0_PARM_4                    main
     00000012  Lmain.ini_relogio$minuto$1$94      main
     00000012  _ini_relogio_PARM_5                main
     00000013  Lmain.ini_relogio$segundo$1$94     main
     00000013  _ini_relogio_PARM_6                main
ASxxxx Linker V03.00 + NoICE + sdld,  page 24.
Hexadecimal  [32-Bits]

Area                                    Addr        Size        Decimal Bytes (Attributes)
--------------------------------        ----        ----        ------- ----- ------------
SSEG                                0000004E    000000B2 =         178. bytes (REL,OVR)

      Value  Global                              Global Defined In Module
      -----  --------------------------------   ------------------------
     0000004E  __start__stack                     main

ASxxxx Linker V03.00 + NoICE + sdld,  page 25.
Hexadecimal  [32-Bits]

Area                                    Addr        Size        Decimal Bytes (Attributes)
--------------------------------        ----        ----        ------- ----- ------------
HOME                                00000000    00000031 =          49. bytes (REL,CON,CODE)

      Value  Global                              Global Defined In Module
      -----  --------------------------------   ------------------------
C:   00000000  A$main$1445                        main
C:   00000003  A$main$1446                        main
C:   0000000B  A$main$1448                        main
C:   00000013  A$main$1450                        main
C:   0000001B  A$main$1452                        main
C:   00000023  A$main$1454                        main
C:   0000002B  A$main$1456                        main
C:   0000002E  A$main$1515                        main
C:   0000002E  __sdcc_program_startup             main
ASxxxx Linker V03.00 + NoICE + sdld,  page 26.
Hexadecimal  [32-Bits]

Area                                    Addr        Size        Decimal Bytes (Attributes)
--------------------------------        ----        ----        ------- ----- ------------
GSINIT0                             00000031    00000003 =           3. bytes (REL,CON,CODE)

      Value  Global                              Global Defined In Module
      -----  --------------------------------   ------------------------
C:   00000031  __sdcc_gsinit_startup              

ASxxxx Linker V03.00 + NoICE + sdld,  page 27.
Hexadecimal  [32-Bits]

Area                                    Addr        Size        Decimal Bytes (Attributes)
--------------------------------        ----        ----        ------- ----- ------------
GSINIT2                             00000034    0000000A =          10. bytes (REL,CON,CODE)

      Value  Global                              Global Defined In Module
      -----  --------------------------------   ------------------------
ASxxxx Linker V03.00 + NoICE + sdld,  page 28.
Hexadecimal  [32-Bits]

Area                                    Addr        Size        Decimal Bytes (Attributes)
--------------------------------        ----        ----        ------- ----- ------------
GSINIT3                             0000003E    00000022 =          34. bytes (REL,CON,CODE)

      Value  Global                              Global Defined In Module
      -----  --------------------------------   ------------------------
C:   0000003E  __mcs51_genXINIT                   

ASxxxx Linker V03.00 + NoICE + sdld,  page 29.
Hexadecimal  [32-Bits]

Area                                    Addr        Size        Decimal Bytes (Attributes)
--------------------------------        ----        ----        ------- ----- ------------
GSINIT4                             00000060    0000002A =          42. bytes (REL,CON,CODE)

      Value  Global                              Global Defined In Module
      -----  --------------------------------   ------------------------
C:   00000060  __mcs51_genRAMCLEAR                
C:   00000066  __mcs51_genXRAMCLEAR               

ASxxxx Linker V03.00 + NoICE + sdld,  page 30.
Hexadecimal  [32-Bits]

Area                                    Addr        Size        Decimal Bytes (Attributes)
--------------------------------        ----        ----        ------- ----- ------------
GSINIT                              0000008A    0000001E =          30. bytes (REL,CON,CODE)

      Value  Global                              Global Defined In Module
      -----  --------------------------------   ------------------------
C:   0000008A  A$main$1472                        main
C:   0000008A  C$glcd.c$21$1$123                  main
C:   0000008D  A$main$1475                        main
C:   0000008D  C$ram_spi.c$15$1$123               main
C:   0000008E  A$main$1476                        main
C:   00000090  A$main$1477                        main
C:   00000092  A$main$1481                        main
C:   00000092  C$tempo.c$16$1$123                 main
C:   00000094  A$main$1483                        main
C:   00000096  A$main$1485                        main
C:   00000098  A$main$1487                        main
C:   0000009A  A$main$1489                        main
C:   0000009C  A$main$1491                        main
C:   0000009E  A$main$1493                        main
C:   000000A0  A$main$1497                        main
C:   000000A0  C$main.c$17$1$123                  main
C:   000000A2  A$main$1500                        main
C:   000000A2  C$glcd.c$22$1$123                  main
C:   000000A4  A$main$1503                        main
C:   000000A4  C$sensores.c$36$1$123              main
C:   000000A6  A$main$1506                        main
C:   000000A6  C$main.c$16$1$123                  main

ASxxxx Linker V03.00 + NoICE + sdld,  page 31.
Hexadecimal  [32-Bits]

Area                                    Addr        Size        Decimal Bytes (Attributes)
--------------------------------        ----        ----        ------- ----- ------------
GSFINAL                             000000A8    00000003 =           3. bytes (REL,CON,CODE)

      Value  Global                              Global Defined In Module
      -----  --------------------------------   ------------------------
C:   000000A8  A$main$1508                        main

ASxxxx Linker V03.00 + NoICE + sdld,  page 32.
Hexadecimal  [32-Bits]

Area                                    Addr        Size        Decimal Bytes (Attributes)
--------------------------------        ----        ----        ------- ----- ------------
CSEG                                000000AB    000014F6 =        5366. bytes (REL,CON,CODE)

      Value  Global                              Global Defined In Module
      -----  --------------------------------   ------------------------
C:   000000AB  A$main$1541                        main
C:   000000AB  C$config.c$10$0$0                  main
C:   000000AB  C$config.c$12$1$14                 main
C:   000000AB  G$Reset_Sources_Init$0$0           main
C:   000000AB  _Reset_Sources_Init                main
C:   000000AE  A$main$1544                        main
C:   000000AE  C$config.c$13$1$14                 main
C:   000000B1  A$main$1547                        main
C:   000000B1  C$config.c$14$1$14                 main
C:   000000B1  XG$Reset_Sources_Init$0$0          main
C:   000000B2  A$main$1560                        main
C:   000000B2  C$config.c$16$1$14                 main
C:   000000B2  C$config.c$18$1$15                 main
C:   000000B2  G$Timer_Init$0$0                   main
C:   000000B2  _Timer_Init                        main
C:   000000B5  A$main$1563                        main
C:   000000B5  C$config.c$19$1$15                 main
C:   000000B8  A$main$1566                        main
C:   000000B8  C$config.c$20$1$15                 main
C:   000000BB  A$main$1569                        main
C:   000000BB  C$config.c$21$1$15                 main
C:   000000BE  A$main$1572                        main
C:   000000BE  C$config.c$22$1$15                 main
C:   000000C1  A$main$1575                        main
C:   000000C1  C$config.c$23$1$15                 main
C:   000000C4  A$main$1578                        main
C:   000000C4  C$config.c$24$1$15                 main
C:   000000C7  A$main$1581                        main
C:   000000C7  C$config.c$25$1$15                 main
C:   000000CA  A$main$1584                        main
C:   000000CA  C$config.c$26$1$15                 main
C:   000000CD  A$main$1587                        main
C:   000000CD  C$config.c$27$1$15                 main
C:   000000D0  A$main$1590                        main
C:   000000D0  C$config.c$28$1$15                 main
C:   000000D3  A$main$1593                        main
C:   000000D3  C$config.c$29$1$15                 main
C:   000000D6  A$main$1596                        main
C:   000000D6  C$config.c$30$1$15                 main
C:   000000D9  A$main$1599                        main
C:   000000D9  C$config.c$31$1$15                 main
C:   000000DC  A$main$1602                        main
C:   000000DC  C$config.c$32$1$15                 main
C:   000000DF  A$main$1605                        main
C:   000000DF  C$config.c$33$1$15                 main
C:   000000E2  A$main$1608                        main
C:   000000E2  C$config.c$34$1$15                 main
C:   000000E5  A$main$1611                        main
C:   000000E5  C$config.c$35$1$15                 main
C:   000000E5  XG$Timer_Init$0$0                  main
ASxxxx Linker V03.00 + NoICE + sdld,  page 33.
Hexadecimal  [32-Bits]

Area                                    Addr        Size        Decimal Bytes (Attributes)
--------------------------------        ----        ----        ------- ----- ------------
CSEG                                000000AB    000014F6 =        5366. bytes (REL,CON,CODE)

      Value  Global                              Global Defined In Module
      -----  --------------------------------   ------------------------
C:   000000E6  A$main$1624                        main
C:   000000E6  C$config.c$37$1$15                 main
C:   000000E6  C$config.c$39$1$16                 main
C:   000000E6  G$UART_Init$0$0                    main
C:   000000E6  _UART_Init                         main
C:   000000E9  A$main$1627                        main
C:   000000E9  C$config.c$40$1$16                 main
C:   000000EC  A$main$1630                        main
C:   000000EC  C$config.c$41$1$16                 main
C:   000000EC  XG$UART_Init$0$0                   main
C:   000000ED  A$main$1643                        main
C:   000000ED  C$config.c$43$1$16                 main
C:   000000ED  C$config.c$45$1$17                 main
C:   000000ED  G$SMBus_Init$0$0                   main
C:   000000ED  _SMBus_Init                        main
C:   000000F0  A$main$1646                        main
C:   000000F0  C$config.c$46$1$17                 main
C:   000000F3  A$main$1649                        main
C:   000000F3  C$config.c$47$1$17                 main
C:   000000F3  XG$SMBus_Init$0$0                  main
C:   000000F4  A$main$1662                        main
C:   000000F4  C$config.c$49$1$17                 main
C:   000000F4  C$config.c$51$1$18                 main
C:   000000F4  G$SPI_Init$0$0                     main
C:   000000F4  _SPI_Init                          main
C:   000000F7  A$main$1665                        main
C:   000000F7  C$config.c$52$1$18                 main
C:   000000FA  A$main$1668                        main
C:   000000FA  C$config.c$53$1$18                 main
C:   000000FD  A$main$1671                        main
C:   000000FD  C$config.c$54$1$18                 main
C:   00000100  A$main$1674                        main
C:   00000100  C$config.c$55$1$18                 main
C:   00000100  XG$SPI_Init$0$0                    main
C:   00000101  A$main$1687                        main
C:   00000101  C$config.c$57$1$18                 main
C:   00000101  C$config.c$59$1$19                 main
C:   00000101  G$ADC_Init$0$0                     main
C:   00000101  _ADC_Init                          main
C:   00000104  A$main$1690                        main
C:   00000104  C$config.c$60$1$19                 main
C:   00000107  A$main$1693                        main
C:   00000107  C$config.c$61$1$19                 main
C:   00000107  XG$ADC_Init$0$0                    main
C:   00000108  A$main$1706                        main
C:   00000108  C$config.c$63$1$19                 main
C:   00000108  C$config.c$65$1$20                 main
C:   00000108  G$DAC_Init$0$0                     main
C:   00000108  _DAC_Init                          main
C:   0000010B  A$main$1709                        main
C:   0000010B  C$config.c$66$1$20                 main
ASxxxx Linker V03.00 + NoICE + sdld,  page 34.
Hexadecimal  [32-Bits]

Area                                    Addr        Size        Decimal Bytes (Attributes)
--------------------------------        ----        ----        ------- ----- ------------
CSEG                                000000AB    000014F6 =        5366. bytes (REL,CON,CODE)

      Value  Global                              Global Defined In Module
      -----  --------------------------------   ------------------------
C:   0000010E  A$main$1712                        main
C:   0000010E  C$config.c$67$1$20                 main
C:   0000010E  XG$DAC_Init$0$0                    main
C:   0000010F  A$main$1725                        main
C:   0000010F  C$config.c$69$1$20                 main
C:   0000010F  C$config.c$71$1$21                 main
C:   0000010F  G$Voltage_Reference_Init$0$0       main
C:   0000010F  _Voltage_Reference_Init            main
C:   00000112  A$main$1728                        main
C:   00000112  C$config.c$72$1$21                 main
C:   00000115  A$main$1731                        main
C:   00000115  C$config.c$73$1$21                 main
C:   00000115  XG$Voltage_Reference_Init$0$0      main
C:   00000116  A$main$1744                        main
C:   00000116  C$config.c$113$1$22                main
C:   00000116  C$config.c$75$1$21                 main
C:   00000116  G$Port_IO_Init$0$0                 main
C:   00000116  _Port_IO_Init                      main
C:   00000119  A$main$1747                        main
C:   00000119  C$config.c$114$1$22                main
C:   0000011C  A$main$1750                        main
C:   0000011C  C$config.c$115$1$22                main
C:   0000011F  A$main$1753                        main
C:   0000011F  C$config.c$116$1$22                main
C:   00000122  A$main$1756                        main
C:   00000122  C$config.c$117$1$22                main
C:   00000125  A$main$1759                        main
C:   00000125  C$config.c$118$1$22                main
C:   00000128  A$main$1762                        main
C:   00000128  C$config.c$119$1$22                main
C:   00000128  XG$Port_IO_Init$0$0                main
C:   00000129  A$main$1777                        main
C:   00000129  C$config.c$121$1$22                main
C:   00000129  C$config.c$124$1$23                main
C:   00000129  G$Oscillator_Init$0$0              main
C:   00000129  _Oscillator_Init                   main
C:   0000012C  A$main$1780                        main
C:   0000012C  C$config.c$125$1$23                main
C:   0000012F  A$main$1783                        main
C:   0000012F  C$config.c$126$1$23                main
C:   00000131  A$main$1784                        main
C:   00000133  A$main$1786                        main
C:   00000134  A$main$1787                        main
C:   00000136  A$main$1788                        main
C:   00000137  A$main$1789                        main
C:   00000138  A$main$1790                        main
C:   0000013A  A$main$1791                        main
C:   0000013B  A$main$1792                        main
C:   0000013D  A$main$1793                        main
C:   0000013F  A$main$1794                        main
C:   00000140  A$main$1795                        main
ASxxxx Linker V03.00 + NoICE + sdld,  page 35.
Hexadecimal  [32-Bits]

Area                                    Addr        Size        Decimal Bytes (Attributes)
--------------------------------        ----        ----        ------- ----- ------------
CSEG                                000000AB    000014F6 =        5366. bytes (REL,CON,CODE)

      Value  Global                              Global Defined In Module
      -----  --------------------------------   ------------------------
C:   00000141  A$main$1796                        main
C:   00000143  A$main$1800                        main
C:   00000143  C$config.c$127$1$23                main
C:   00000145  A$main$1801                        main
C:   00000148  A$main$1804                        main
C:   00000148  C$config.c$128$1$23                main
C:   0000014B  A$main$1807                        main
C:   0000014B  C$config.c$129$1$23                main
C:   0000014B  XG$Oscillator_Init$0$0             main
C:   0000014C  A$main$1820                        main
C:   0000014C  C$config.c$131$1$23                main
C:   0000014C  C$config.c$133$1$24                main
C:   0000014C  G$Interrupts_Init$0$0              main
C:   0000014C  _Interrupts_Init                   main
C:   0000014F  A$main$1823                        main
C:   0000014F  C$config.c$134$1$24                main
C:   0000014F  XG$Interrupts_Init$0$0             main
C:   00000150  A$main$1836                        main
C:   00000150  C$config.c$138$1$24                main
C:   00000150  C$config.c$140$1$26                main
C:   00000150  G$Init_Device$0$0                  main
C:   00000150  _Init_Device                       main
C:   00000153  A$main$1839                        main
C:   00000153  C$config.c$141$1$26                main
C:   00000156  A$main$1842                        main
C:   00000156  C$config.c$142$1$26                main
C:   00000159  A$main$1845                        main
C:   00000159  C$config.c$143$1$26                main
C:   0000015C  A$main$1848                        main
C:   0000015C  C$config.c$144$1$26                main
C:   0000015F  A$main$1851                        main
C:   0000015F  C$config.c$145$1$26                main
C:   00000162  A$main$1854                        main
C:   00000162  C$config.c$146$1$26                main
C:   00000165  A$main$1857                        main
C:   00000165  C$config.c$147$1$26                main
C:   00000168  A$main$1860                        main
C:   00000168  C$config.c$148$1$26                main
C:   0000016B  A$main$1863                        main
C:   0000016B  C$config.c$149$1$26                main
C:   0000016E  A$main$1866                        main
C:   0000016E  C$config.c$150$1$26                main
C:   00000171  A$main$1869                        main
C:   00000171  C$config.c$151$1$26                main
C:   00000171  XG$Init_Device$0$0                 main
C:   00000172  A$main$1884                        main
C:   00000172  C$glcd.c$125$1$26                  main
C:   00000172  C$glcd.c$130$1$28                  main
C:   00000172  G$le_glcd$0$0                      main
C:   00000172  _le_glcd                           main
C:   00000174  A$main$1887                        main
ASxxxx Linker V03.00 + NoICE + sdld,  page 36.
Hexadecimal  [32-Bits]

Area                                    Addr        Size        Decimal Bytes (Attributes)
--------------------------------        ----        ----        ------- ----- ------------
CSEG                                000000AB    000014F6 =        5366. bytes (REL,CON,CODE)

[...]
C:   00000C78  A$main$4388                        main
C:   00000C7B  A$main$4389                        main
C:   00000C7E  A$main$4393                        main
C:   00000C7E  C$main.c$70$1$113                  main
C:   00000C80  A$main$4394                        main
C:   00000C82  A$main$4395                        main
C:   00000C84  A$main$4396                        main
C:   00000C86  A$main$4397                        main
C:   00000C89  A$main$4398                        main
C:   00000C8B  A$main$4399                        main
C:   00000C8D  A$main$4402                        main
C:   00000C8D  C$main.c$72$1$113                  main
C:   00000C8F  A$main$4405                        main
C:   00000C8F  C$main.c$73$1$113                  main
C:   00000C92  A$main$4406                        main
C:   00000C95  A$main$4407                        main
C:   00000C98  A$main$4408                        main
C:   00000C9B  A$main$4411                        main
C:   00000C9B  C$main.c$74$1$113                  main
C:   00000C9B  XG$imprime_glcd_tempo_real$0$0     main
C:   00000C9C  A$main$4427                        main
C:   00000C9C  C$main.c$76$1$113                  main
C:   00000C9C  C$main.c$77$1$117                  main
C:   00000C9C  G$imprime_terminal_tempo_real$0$   main
C:   00000C9C  _imprime_terminal_tempo_real       main
C:   00000C9E  A$main$4428                        main
C:   00000CA0  A$main$4429                        main
C:   00000CA2  A$main$4430                        main
C:   00000CA4  A$main$4431                        main
C:   00000CA7  A$main$4432                        main
C:   00000CA9  A$main$4433                        main
C:   00000CAB  A$main$4439                        main
C:   00000CAB  C$main.c$79$3$119                  main
C:   00000CAB  C$main.c$80$2$118                  main
C:   00000CAE  A$main$4442                        main
C:   00000CAE  C$main.c$82$2$118                  main
C:   00000CB0  A$main$4443                        main
C:   00000CB3  A$main$4446                        main
C:   00000CB3  C$main.c$83$3$119                  main
C:   00000CB6  A$main$4449                        main
C:   00000CB6  C$main.c$84$3$119                  main
C:   00000CB8  A$main$4450                        main
C:   00000CB9  A$main$4451                        main
C:   00000CBA  A$main$4452                        main
C:   00000CBC  A$main$4453                        main
C:   00000CBF  A$main$4454                        main
C:   00000CC1  A$main$4455                        main
C:   00000CC3  A$main$4456                        main
C:   00000CC5  A$main$4457                        main
C:   00000CC7  A$main$4458                        main
C:   00000CC8  A$main$4459                        main
ASxxxx Linker V03.00 + NoICE + sdld,  page 73.
Hexadecimal  [32-Bits]

Area                                    Addr        Size        Decimal Bytes (Attributes)
--------------------------------        ----        ----        ------- ----- ------------
CSEG                                000000AB    000014F6 =        5366. bytes (REL,CON,CODE)

      Value  Global                              Global Defined In Module
      -----  --------------------------------   ------------------------
C:   00000CC9  A$main$4460                        main
C:   00000CCB  A$main$4461                        main
C:   00000CCC  A$main$4462                        main
C:   00000CCD  A$main$4463                        main
C:   00000CCF  A$main$4464                        main
C:   00000CD2  A$main$4465                        main
C:   00000CD5  A$main$4466                        main
C:   00000CD7  A$main$4467                        main
C:   00000CD9  A$main$4468                        main
C:   00000CDB  A$main$4469                        main
C:   00000CDC  A$main$4470                        main
C:   00000CDF  A$main$4471                        main
C:   00000CE2  A$main$4472                        main
C:   00000CE4  A$main$4473                        main
C:   00000CE6  A$main$4474                        main
C:   00000CE8  A$main$4475                        main
C:   00000CEA  A$main$4476                        main
C:   00000CEC  A$main$4477                        main
C:   00000CEE  A$main$4478                        main
C:   00000CF0  A$main$4479                        main
C:   00000CF2  A$main$4480                        main
C:   00000CF4  A$main$4481                        main
C:   00000CF6  A$main$4482                        main
C:   00000CF8  A$main$4483                        main
C:   00000CFA  A$main$4484                        main
C:   00000CFC  A$main$4485                        main
C:   00000CFE  A$main$4486                        main
C:   00000D00  A$main$4487                        main
C:   00000D02  A$main$4488                        main
C:   00000D05  A$main$4489                        main
C:   00000D07  A$main$4490                        main
C:   00000D09  A$main$4491                        main
C:   00000D0B  A$main$4495                        main
C:   00000D0B  C$main.c$87$2$118                  main
C:   00000D0E  A$main$4496                        main
C:   00000D11  A$main$4497                        main
C:   00000D14  A$main$4500                        main
C:   00000D14  C$main.c$89$1$117                  main
C:   00000D16  A$main$4501                        main
C:   00000D18  A$main$4502                        main
C:   00000D1A  A$main$4503                        main
C:   00000D1C  A$main$4504                        main
C:   00000D1F  A$main$4505                        main
C:   00000D21  A$main$4506                        main
C:   00000D23  A$main$4509                        main
C:   00000D23  C$main.c$91$1$117                  main
C:   00000D25  A$main$4512                        main
C:   00000D25  C$main.c$92$1$117                  main
C:   00000D28  A$main$4513                        main
C:   00000D2B  A$main$4514                        main
C:   00000D2E  A$main$4515                        main
ASxxxx Linker V03.00 + NoICE + sdld,  page 74.
Hexadecimal  [32-Bits]

Area                                    Addr        Size        Decimal Bytes (Attributes)
--------------------------------        ----        ----        ------- ----- ------------
CSEG                                000000AB    000014F6 =        5366. bytes (REL,CON,CODE)

      Value  Global                              Global Defined In Module
      -----  --------------------------------   ------------------------
C:   00000D31  A$main$4518                        main
C:   00000D31  C$main.c$93$1$117                  main
C:   00000D31  XG$imprime_terminal_tempo_real$0   main
C:   00000D32  A$main$4531                        main
C:   00000D32  C$main.c$97$1$117                  main
C:   00000D32  C$main.c$99$1$121                  main
C:   00000D32  G$executa_comando$0$0              main
C:   00000D32  _executa_comando                   main
C:   00000D35  A$main$4534                        main
C:   00000D35  C$main.c$101$1$121                 main
C:   00000D37  A$main$4535                        main
C:   00000D3A  A$main$4536                        main
C:   00000D3D  A$main$4537                        main
C:   00000D40  A$main$4538                        main
C:   00000D43  A$main$4539                        main
C:   00000D46  A$main$4540                        main
C:   00000D49  A$main$4541                        main
C:   00000D4C  A$main$4545                        main
C:   00000D4C  C$main.c$102$1$121                 main
C:   00000D4E  A$main$4546                        main
C:   00000D51  A$main$4547                        main
C:   00000D54  A$main$4548                        main
C:   00000D57  A$main$4549                        main
C:   00000D5A  A$main$4550                        main
C:   00000D5D  A$main$4551                        main
C:   00000D60  A$main$4552                        main
C:   00000D62  A$main$4556                        main
C:   00000D62  C$main.c$103$1$121                 main
C:   00000D64  A$main$4557                        main
C:   00000D67  A$main$4558                        main
C:   00000D6A  A$main$4559                        main
C:   00000D6D  A$main$4560                        main
C:   00000D70  A$main$4561                        main
C:   00000D73  A$main$4562                        main
C:   00000D76  A$main$4563                        main
C:   00000D78  A$main$4567                        main
C:   00000D78  C$main.c$104$1$121                 main
C:   00000D7A  A$main$4568                        main
C:   00000D7D  A$main$4569                        main
C:   00000D80  A$main$4570                        main
C:   00000D83  A$main$4571                        main
C:   00000D86  A$main$4572                        main
C:   00000D89  A$main$4573                        main
C:   00000D8B  A$main$4574                        main
C:   00000D8D  A$main$4575                        main
C:   00000D8F  A$main$4576                        main
C:   00000D91  A$main$4577                        main
C:   00000D94  A$main$4578                        main
C:   00000D96  A$main$4579                        main
C:   00000D98  A$main$4580                        main
C:   00000D9A  A$main$4584                        main
ASxxxx Linker V03.00 + NoICE + sdld,  page 75.
Hexadecimal  [32-Bits]

Area                                    Addr        Size        Decimal Bytes (Attributes)
--------------------------------        ----        ----        ------- ----- ------------
CSEG                                000000AB    000014F6 =        5366. bytes (REL,CON,CODE)

      Value  Global                              Global Defined In Module
      -----  --------------------------------   ------------------------
C:   00000D9A  C$main.c$105$1$121                 main
C:   00000D9D  A$main$4585                        main
C:   00000DA0  A$main$4586                        main
C:   00000DA3  A$main$4587                        main
C:   00000DA6  A$main$4588                        main
C:   00000DA8  A$main$4589                        main
C:   00000DAA  A$main$4590                        main
C:   00000DAC  A$main$4591                        main
C:   00000DAE  A$main$4592                        main
C:   00000DB1  A$main$4593                        main
C:   00000DB3  A$main$4594                        main
C:   00000DB5  A$main$4598                        main
C:   00000DB5  C$main.c$106$1$121                 main
C:   00000DB5  XG$executa_comando$0$0             main
C:   00000DB6  A$main$4611                        main
C:   00000DB6  C$main.c$108$1$121                 main
C:   00000DB6  C$main.c$109$1$123                 main
C:   00000DB6  G$main$0$0                         main
C:   00000DB6  _main                              main
C:   00000DB9  A$main$4614                        main
C:   00000DB9  C$main.c$110$1$123                 main
C:   00000DBC  A$main$4617                        main
C:   00000DBC  C$main.c$112$1$123                 main
C:   00000DBF  A$main$4620                        main
C:   00000DBF  C$main.c$113$1$123                 main
C:   00000DC1  A$main$4621                        main
C:   00000DC4  A$main$4624                        main
C:   00000DC4  C$main.c$114$1$123                 main
C:   00000DC6  A$main$4625                        main
C:   00000DC9  A$main$4628                        main
C:   00000DC9  C$main.c$116$1$123                 main
C:   00000DCB  A$main$4631                        main
C:   00000DCB  C$main.c$117$1$123                 main
C:   00000DCE  A$main$4632                        main
C:   00000DD1  A$main$4633                        main
C:   00000DD4  A$main$4634                        main
C:   00000DD7  A$main$4635                        main
C:   00000DDA  A$main$4636                        main
C:   00000DDD  A$main$4637                        main
C:   00000DE0  A$main$4640                        main
C:   00000DE0  C$main.c$119$1$123                 main
C:   00000DE3  A$main$4641                        main
C:   00000DE6  A$main$4642                        main
C:   00000DE9  A$main$4643                        main
C:   00000DEC  A$main$4646                        main
C:   00000DEC  C$main.c$121$1$123                 main
C:   00000DEE  A$main$4647                        main
C:   00000DF0  A$main$4648                        main
C:   00000DF2  A$main$4649                        main
C:   00000DF4  A$main$4650                        main
C:   00000DF7  A$main$4651                        main
ASxxxx Linker V03.00 + NoICE + sdld,  page 76.
Hexadecimal  [32-Bits]

Area                                    Addr        Size        Decimal Bytes (Attributes)
--------------------------------        ----        ----        ------- ----- ------------
CSEG                                000000AB    000014F6 =        5366. bytes (REL,CON,CODE)

      Value  Global                              Global Defined In Module
      -----  --------------------------------   ------------------------
C:   00000DF9  A$main$4652                        main
C:   00000DFB  A$main$4658                        main
C:   00000DFB  C$main.c$122$1$123                 main
C:   00000DFB  C$main.c$123$2$124                 main
C:   00000DFE  A$main$4663                        main
C:   00000DFE  C$main.c$125$2$124                 main
C:   00000DFE  C$main.c$126$3$125                 main
C:   00000E01  A$main$4664                        main
C:   00000E03  A$main$4668                        main
C:   00000E03  C$main.c$127$3$125                 main
C:   00000E06  A$main$4672                        main
C:   00000E06  C$main.c$130$2$124                 main
C:   00000E09  A$main$4673                        main
C:   00000E0C  A$main$4674                        main
C:   00000E0E  A$main$4677                        main
C:   00000E0E  C$main.c$132$1$123                 main
C:   00000E0E  XG$main$0$0                        main
C:   00000E0F  _printf_fast_f                     printf_fast_f
C:   00001290  ___fsmul                           _fsmul
C:   00001333  fsgetargs                          _fsget2args
C:   00001361  fs_rshift_a                        _fsrshift
C:   000013A4  fs_normalize_a                     _fsnormalize
C:   000013D7  ___fsgt                            _fsgt
C:   00001407  fs_compare_uint32                  _fscmp
C:   00001425  fs_check_negative_zeros            _fscmp
C:   00001450  ___uint2fs                         _uint2fs
C:   0000145C  fs_round_and_return                _fsreturnval
C:   00001474  fs_zerocheck_return                _fsreturnval
C:   0000147D  fs_return_zero                     _fsreturnval
C:   00001485  fs_direct_return                   _fsreturnval
C:   00001493  fs_return_inf                      _fsreturnval
C:   000014A0  fs_return_nan                      _fsreturnval
C:   000014AB  ___fsdiv                           _fsdiv
C:   0000156E  __gptrget                          _gptrget
C:   0000158A  ___ulong2fs                        _ulong2fs
C:   00001593  ulong2fs_doit                      _ulong2fs
C:   0000159D  __sdcc_external_startup            _startup
ASxxxx Linker V03.00 + NoICE + sdld,  page 77.
Hexadecimal  [32-Bits]

Area                                    Addr        Size        Decimal Bytes (Attributes)
--------------------------------        ----        ----        ------- ----- ------------
CONST                               000015A1    00000665 =        1637. bytes (REL,CON,CODE)

      Value  Global                              Global Defined In Module
      -----  --------------------------------   ------------------------
C:   000015A1  G$fonte$0$0                        main
C:   000015A1  _fonte                             main
C:   00001786  Fmain$__str_0$0$0                  main
C:   00001797  Fmain$__str_1$0$0                  main
C:   000017A2  Fmain$__str_2$0$0                  main
C:   000017C6  Fmain$__str_3$0$0                  main
C:   000017EA  Fmain$__str_4$0$0                  main
C:   00001833  Fmain$__str_5$0$0                  main
C:   00001856  Fmain$__str_6$0$0                  main
C:   00001893  Fmain$__str_7$0$0                  main
C:   000018D5  Fmain$__str_8$0$0                  main
C:   000018E3  Fmain$__str_9$0$0                  main
C:   000018F3  Fmain$__str_10$0$0                 main
C:   00001901  Fmain$__str_11$0$0                 main
C:   00001909  Fmain$__str_12$0$0                 main
C:   00001912  Fmain$__str_13$0$0                 main
C:   00001922  Fmain$__str_14$0$0                 main
C:   0000192E  Fmain$__str_15$0$0                 main
C:   0000193A  Fmain$__str_16$0$0                 main
C:   0000193E  Fmain$__str_17$0$0                 main
C:   00001984  Fmain$__str_18$0$0                 main
C:   000019C1  Fmain$__str_19$0$0                 main
C:   00001A16  Fmain$__str_20$0$0                 main
C:   00001A22  Fmain$__str_21$0$0                 main
ASxxxx Linker V03.00 + NoICE + sdld,  page 78.

Files Linked                              [ module(s) ]

C:\Users\202019050584\Desktop\Trabalho\main.rel
                                          [  ]


Libraries Linked                          [ object file ]

C:\Program Files\SDCC\bin\..\lib\small/libsdcc.lib
                                          [ printf_fast_f.rel ]
C:\Program Files\SDCC\bin\..\lib\small/libfloat.lib
                                          [ _fsmul.rel ]
C:\Program Files\SDCC\bin\..\lib\small/libfloat.lib
                                          [ _fsget2args.rel ]
C:\Program Files\SDCC\bin\..\lib\small/mcs51.lib
                                          [ crtclear.rel ]
C:\Program Files\SDCC\bin\..\lib\small/libfloat.lib
                                          [ _fsrshift.rel ]
C:\Program Files\SDCC\bin\..\lib\small/libfloat.lib
                                          [ _fsnormalize.rel ]
C:\Program Files\SDCC\bin\..\lib\small/mcs51.lib
                                          [ crtxinit.rel ]
C:\Program Files\SDCC\bin\..\lib\small/libfloat.lib
                                          [ _fsgt.rel ]
C:\Program Files\SDCC\bin\..\lib\small/mcs51.lib
                                          [ crtxclear.rel ]
C:\Program Files\SDCC\bin\..\lib\small/libfloat.lib
                                          [ _fscmp.rel ]
C:\Program Files\SDCC\bin\..\lib\small/libfloat.lib
                                          [ _uint2fs.rel ]
C:\Program Files\SDCC\bin\..\lib\small/libfloat.lib
                                          [ _fsreturnval.rel ]
C:\Program Files\SDCC\bin\..\lib\small/libsdcc.lib
                                          [ _bp.rel ]
C:\Program Files\SDCC\bin\..\lib\small/libfloat.lib
                                          [ _fsdiv.rel ]
C:\Program Files\SDCC\bin\..\lib\small/mcs51.lib
                                          [ crtstart.rel ]
C:\Program Files\SDCC\bin\..\lib\small/libsdcc.lib
                                          [ _gptrget.rel ]
C:\Program Files\SDCC\bin\..\lib\small/libfloat.lib
                                          [ _ulong2fs.rel ]
C:\Program Files\SDCC\bin\..\lib\small/libsdcc.lib
                                          [ _startup.rel ]

ASxxxx Linker V03.00 + NoICE + sdld,  page 79.

User Base Address Definitions

HOME = 0x0000
XSEG = 0x0001
PSEG = 0x0001
ISEG = 0x0000
BSEG = 0x0000

